
> social-network-app@0.1.0 build
> next build

Γû▓ Next.js 16.2.1 (Turbopack)
- Environments: .env

node.exe : ΓÜá The "middleware" 
file convention is deprecated. 
Please use "proxy" instead. Learn 
more: https://nextjs.org/docs/messa
ges/middleware-to-proxy
At line:1 char:1
+ & "C:\Program 
Files\nodejs/node.exe" "C:\Program 
Files\nodejs/node_mo ...
+ ~~~~~~~~~~~~~~~~~~~~~~~~~~~~~~~~~
~~~~~~~~~~~~~~~~~~~~~~~~~~~~~~~~~~~
~
    + CategoryInfo          : NotS 
   pecified: (ΓÜá The "middle...l  
  eware-to-proxy:String) [], Rem   
 oteException
    + FullyQualifiedErrorId : Nati 
   veCommandError
 
  Creating an optimized production build ...
Γ£ô Compiled successfully in 6.6s
  Running TypeScript ...
Failed to type check.

./src/app/api/messages/[conversatio
nId]/route.ts:107:30
Type error: Element implicitly has 
an 'any' type because expression 
of type '0' can't be used to index 
type 'void'.
  Property '0' does not exist on 
type 'void'.

  [90m105 |[0m     );
  [90m106 |[0m
[31m[1m>[0m [90m107 |[0m     
[36mconst[0m resultingMessage = 
writeResult[[35m0[0m] ? 
writeResult[[35m0[0m].msg 
[36mas[0m 
[33mRecord[0m<string, unknow...
  [90m    |[0m                   
           [31m[1m^[0m
  [90m108 |[0m     
[36mconst[0m sender = 
writeResult[[35m0[0m] ? 
writeResult[[35m0[0m].me 
[36mas[0m 
[33mRecord[0m<string, unknown> : 
[36mnull[0m;
  [90m109 |[0m     [36mif[0m 
(sender) [36mdelete[0m 
sender.password;
  [90m110 |[0m
Next.js build worker exited with 
code: 1 and signal: null
